// Jest Snapshot v1, https://goo.gl/fbAQLP

exports[`\`<Panel />\` renders correctly 1`] = `
.c0 {
  padding: 1rem;
  background-color: rgba(255,255,255,0.1);
  border-radius: 0.5rem;
  box-shadow: 0px 3px 1px -2px rgba(0,0,0,0.2), 0px 2px 2px 0px rgba(0,0,0,0.14),0px 1px 5px 0px rgba(0,0,0,0.12);
}

<div>
  <div
    class="c0"
  >
    TEST CONTENT
  </div>
</div>
`;
