// Jest Snapshot v1, https://goo.gl/fbAQLP

exports[`\`<Header />\` renders correctly 1`] = `
.c1 {
  font-family: "Audiowide",system-ui,-apple-system,BlinkMacSystemFont, "Segoe UI",Roboto,"Helvetica Neue",Arial,"Noto Sans",sans-serif, "Apple Color Emoji","Segoe UI Emoji","Segoe UI Symbol","Noto Color Emoji";
  color: cornflowerblue;
  text-transform: uppercase;
  line-height: 1;
  margin: 0;
}

.c0 {
  padding: 1rem;
  background-color: rgba(255,255,255,0.7);
  border-radius: 0.5rem;
  box-shadow: 0px 3px 1px -2px rgba(0,0,0,0.2), 0px 2px 2px 0px rgba(0,0,0,0.14),0px 1px 5px 0px rgba(0,0,0,0.12);
  position: fixed;
  top: 1rem;
  left: 1rem;
}

<div>
  <div
    class="sc-AxjAm c0"
  >
    <h1
      class="c1"
    >
      Mock Site Name
    </h1>
  </div>
</div>
`;
