// Jest Snapshot v1, https://goo.gl/fbAQLP

exports[`\`<RemoveSimilarityButton />\` renders correctly 1`] = `
<div>
  <button
    class="sc-AxjAm sc-AxiKw dWhrYK"
  >
    Remove
  </button>
</div>
`;
