// Jest Snapshot v1, https://goo.gl/fbAQLP

exports[`\`<AddSimilarityButton />\` renders correctly 1`] = `
<div>
  <button>
    Add Similarity
  </button>
</div>
`;
