// Jest Snapshot v1, https://goo.gl/fbAQLP

exports[`\`<Layout />\` renders correctly 1`] = `
.c1 {
  padding: 1rem;
  background-color: rgba(255,255,255,0.7);
  border-radius: 0.5rem;
  box-shadow: 0px 3px 1px -2px rgba(0,0,0,0.2), 0px 2px 2px 0px rgba(0,0,0,0.14),0px 1px 5px 0px rgba(0,0,0,0.12);
}

.c0 {
  position: fixed;
  top: 1rem;
  left: 0;
  width: 100vw;
  box-sizing: border-box;
  margin: 0;
  padding: 0 1rem;
  display: -webkit-box;
  display: -webkit-flex;
  display: -ms-flexbox;
  display: flex;
  -webkit-align-items: center;
  -webkit-box-align: center;
  -ms-flex-align: center;
  align-items: center;
  -webkit-box-pack: justify;
  -webkit-justify-content: space-between;
  -ms-flex-pack: justify;
  justify-content: space-between;
  visibility: hidden;
}

.c0 > * {
  visibility: visible;
}

.c2 {
  font-family: "Audiowide",system-ui,-apple-system,BlinkMacSystemFont, "Segoe UI",Roboto,"Helvetica Neue",Arial,"Noto Sans",sans-serif, "Apple Color Emoji","Segoe UI Emoji","Segoe UI Symbol","Noto Color Emoji";
  color: cornflowerblue;
  text-transform: uppercase;
  line-height: 1;
  margin: 0;
}

.c3 {
  background-image: url(-- MOCK FILE EXPORT VALUE --);
  background-size: 1.6rem 1.6rem;
  width: 1.6rem;
  height: 1.6rem;
  opacity: 0.6;
  margin: 0 1rem;
}

.c3:hover {
  opacity: 0.8;
}

<div>
  <p>
    Test Content
  </p>
  <div
    class="c0"
  >
    <div
      class="c1"
    >
      <h1
        class="c2"
      >
        Mock Site Name
      </h1>
    </div>
    <a
      href="https://github.com/mockiemcgee/test"
      target="blank"
    >
      <div
        class="c3"
      />
    </a>
  </div>
</div>
`;
