// Jest Snapshot v1, https://goo.gl/fbAQLP

exports[`\`<GlobalControls />\` renders correctly 1`] = `
<div>
  <div>
    <button
      class="sc-AxjAm sc-AxirZ CUWHb"
    >
      Add
    </button>
  </div>
</div>
`;
