// Jest Snapshot v1, https://goo.gl/fbAQLP

exports[`\`<RemoveBranchPatternButton />\` renders correctly 1`] = `
<div>
  <button>
    Remove
  </button>
</div>
`;
