// Jest Snapshot v1, https://goo.gl/fbAQLP

exports[`\`<AddSimilarityButton />\` renders correctly 1`] = `
<div>
  <button
    class="sc-AxjAm sc-AxirZ eenqZt"
  >
    Add
  </button>
</div>
`;
